Archive member included to satisfy reference by file (symbol)

/Applications/Ac6/SystemWorkbench.app/Contents/Eclipse/plugins/fr.ac6.mcu.externaltools.arm-none.macos64_1.15.0.201708311556/tools/compiler/bin/../lib/gcc/arm-none-eabi/6.3.1/thumb/v7e-m/fpv4-sp/hard/libgcc.a(_aeabi_uldivmod.o)
                              Drivers/STM32F4xx_HAL_Driver/Src/stm32f4xx_hal_rcc.o (__aeabi_uldivmod)
/Applications/Ac6/SystemWorkbench.app/Contents/Eclipse/plugins/fr.ac6.mcu.externaltools.arm-none.macos64_1.15.0.201708311556/tools/compiler/bin/../lib/gcc/arm-none-eabi/6.3.1/thumb/v7e-m/fpv4-sp/hard/libgcc.a(_udivmoddi4.o)
                              /Applications/Ac6/SystemWorkbench.app/Contents/Eclipse/plugins/fr.ac6.mcu.externaltools.arm-none.macos64_1.15.0.201708311556/tools/compiler/bin/../lib/gcc/arm-none-eabi/6.3.1/thumb/v7e-m/fpv4-sp/hard/libgcc.a(_aeabi_uldivmod.o) (__udivmoddi4)
/Applications/Ac6/SystemWorkbench.app/Contents/Eclipse/plugins/fr.ac6.mcu.externaltools.arm-none.macos64_1.15.0.201708311556/tools/compiler/bin/../lib/gcc/arm-none-eabi/6.3.1/thumb/v7e-m/fpv4-sp/hard/libgcc.a(_dvmd_tls.o)
                              /Applications/Ac6/SystemWorkbench.app/Contents/Eclipse/plugins/fr.ac6.mcu.externaltools.arm-none.macos64_1.15.0.201708311556/tools/compiler/bin/../lib/gcc/arm-none-eabi/6.3.1/thumb/v7e-m/fpv4-sp/hard/libgcc.a(_aeabi_uldivmod.o) (__aeabi_ldiv0)
/Applications/Ac6/SystemWorkbench.app/Contents/Eclipse/plugins/fr.ac6.mcu.externaltools.arm-none.macos64_1.15.0.201708311556/tools/compiler/bin/../lib/gcc/arm-none-eabi/6.3.1/../../../../arm-none-eabi/lib/thumb/v7e-m/fpv4-sp/hard/libc_nano.a(lib_a-exit.o)
                              /Applications/Ac6/SystemWorkbench.app/Contents/Eclipse/plugins/fr.ac6.mcu.externaltools.arm-none.macos64_1.15.0.201708311556/tools/compiler/bin/../lib/gcc/arm-none-eabi/6.3.1/../../../../arm-none-eabi/lib/thumb/v7e-m/fpv4-sp/hard/crt0.o (exit)
/Applications/Ac6/SystemWorkbench.app/Contents/Eclipse/plugins/fr.ac6.mcu.externaltools.arm-none.macos64_1.15.0.201708311556/tools/compiler/bin/../lib/gcc/arm-none-eabi/6.3.1/../../../../arm-none-eabi/lib/thumb/v7e-m/fpv4-sp/hard/libc_nano.a(lib_a-impure.o)
                              /Applications/Ac6/SystemWorkbench.app/Contents/Eclipse/plugins/fr.ac6.mcu.externaltools.arm-none.macos64_1.15.0.201708311556/tools/compiler/bin/../lib/gcc/arm-none-eabi/6.3.1/../../../../arm-none-eabi/lib/thumb/v7e-m/fpv4-sp/hard/libc_nano.a(lib_a-exit.o) (_global_impure_ptr)
/Applications/Ac6/SystemWorkbench.app/Contents/Eclipse/plugins/fr.ac6.mcu.externaltools.arm-none.macos64_1.15.0.201708311556/tools/compiler/bin/../lib/gcc/arm-none-eabi/6.3.1/../../../../arm-none-eabi/lib/thumb/v7e-m/fpv4-sp/hard/libc_nano.a(lib_a-init.o)
                              /Applications/Ac6/SystemWorkbench.app/Contents/Eclipse/plugins/fr.ac6.mcu.externaltools.arm-none.macos64_1.15.0.201708311556/tools/compiler/bin/../lib/gcc/arm-none-eabi/6.3.1/../../../../arm-none-eabi/lib/thumb/v7e-m/fpv4-sp/hard/crt0.o (__libc_init_array)
/Applications/Ac6/SystemWorkbench.app/Contents/Eclipse/plugins/fr.ac6.mcu.externaltools.arm-none.macos64_1.15.0.201708311556/tools/compiler/bin/../lib/gcc/arm-none-eabi/6.3.1/../../../../arm-none-eabi/lib/thumb/v7e-m/fpv4-sp/hard/libc_nano.a(lib_a-memset.o)
                              /Applications/Ac6/SystemWorkbench.app/Contents/Eclipse/plugins/fr.ac6.mcu.externaltools.arm-none.macos64_1.15.0.201708311556/tools/compiler/bin/../lib/gcc/arm-none-eabi/6.3.1/../../../../arm-none-eabi/lib/thumb/v7e-m/fpv4-sp/hard/crt0.o (memset)
/Applications/Ac6/SystemWorkbench.app/Contents/Eclipse/plugins/fr.ac6.mcu.externaltools.arm-none.macos64_1.15.0.201708311556/tools/compiler/bin/../lib/gcc/arm-none-eabi/6.3.1/../../../../arm-none-eabi/lib/thumb/v7e-m/fpv4-sp/hard/libnosys.a(_exit.o)
                              /Applications/Ac6/SystemWorkbench.app/Contents/Eclipse/plugins/fr.ac6.mcu.externaltools.arm-none.macos64_1.15.0.201708311556/tools/compiler/bin/../lib/gcc/arm-none-eabi/6.3.1/../../../../arm-none-eabi/lib/thumb/v7e-m/fpv4-sp/hard/libc_nano.a(lib_a-exit.o) (_exit)

Allocating common symbols
Common symbol       size              file

uartData            0x4               Src/main.o
uwTick              0x4               Drivers/STM32F4xx_HAL_Driver/Src/stm32f4xx_hal.o
pFlash              0x20              Drivers/STM32F4xx_HAL_Driver/Src/stm32f4xx_hal_flash.o
huart5              0x40              Src/main.o

Discarded input sections

 .text          0x0000000000000000        0x0 /Applications/Ac6/SystemWorkbench.app/Contents/Eclipse/plugins/fr.ac6.mcu.externaltools.arm-none.macos64_1.15.0.201708311556/tools/compiler/bin/../lib/gcc/arm-none-eabi/6.3.1/thumb/v7e-m/fpv4-sp/hard/crti.o
 .data          0x0000000000000000        0x0 /Applications/Ac6/SystemWorkbench.app/Contents/Eclipse/plugins/fr.ac6.mcu.externaltools.arm-none.macos64_1.15.0.201708311556/tools/compiler/bin/../lib/gcc/arm-none-eabi/6.3.1/thumb/v7e-m/fpv4-sp/hard/crti.o
[...]
Memory Configuration

Name             Origin             Length             Attributes
RAM              0x0000000020000000 0x0000000000020000 xrw
FLASH            0x0000000008000000 0x0000000000080000 xr
*default*        0x0000000000000000 0xffffffffffffffff

Linker script and memory map

LOAD /Applications/Ac6/SystemWorkbench.app/Contents/Eclipse/plugins/fr.ac6.mcu.externaltools.arm-none.macos64_1.15.0.201708311556/tools/compiler/bin/../lib/gcc/arm-none-eabi/6.3.1/thumb/v7e-m/fpv4-sp/hard/crti.o
LOAD /Applications/Ac6/SystemWorkbench.app/Contents/Eclipse/plugins/fr.ac6.mcu.externaltools.arm-none.macos64_1.15.0.201708311556/tools/compiler/bin/../lib/gcc/arm-none-eabi/6.3.1/thumb/v7e-m/fpv4-sp/hard/crtbegin.o
LOAD /Applications/Ac6/SystemWorkbench.app/Contents/Eclipse/plugins/fr.ac6.mcu.externaltools.arm-none.macos64_1.15.0.201708311556/tools/compiler/bin/../lib/gcc/arm-none-eabi/6.3.1/../../../../arm-none-eabi/lib/thumb/v7e-m/fpv4-sp/hard/crt0.o
LOAD Drivers/STM32F4xx_HAL_Driver/Src/stm32f4xx_hal.o
LOAD Drivers/STM32F4xx_HAL_Driver/Src/stm32f4xx_hal_cortex.o
LOAD Drivers/STM32F4xx_HAL_Driver/Src/stm32f4xx_hal_dma.o
LOAD Drivers/STM32F4xx_HAL_Driver/Src/stm32f4xx_hal_dma_ex.o
LOAD Drivers/STM32F4xx_HAL_Driver/Src/stm32f4xx_hal_flash.o
LOAD Drivers/STM32F4xx_HAL_Driver/Src/stm32f4xx_hal_flash_ex.o
LOAD Drivers/STM32F4xx_HAL_Driver/Src/stm32f4xx_hal_flash_ramfunc.o
LOAD Drivers/STM32F4xx_HAL_Driver/Src/stm32f4xx_hal_gpio.o
LOAD Drivers/STM32F4xx_HAL_Driver/Src/stm32f4xx_hal_pwr.o
LOAD Drivers/STM32F4xx_HAL_Driver/Src/stm32f4xx_hal_pwr_ex.o
LOAD Drivers/STM32F4xx_HAL_Driver/Src/stm32f4xx_hal_rcc.o
LOAD Drivers/STM32F4xx_HAL_Driver/Src/stm32f4xx_hal_rcc_ex.o
LOAD Drivers/STM32F4xx_HAL_Driver/Src/stm32f4xx_hal_tim.o
LOAD Drivers/STM32F4xx_HAL_Driver/Src/stm32f4xx_hal_tim_ex.o
LOAD Drivers/STM32F4xx_HAL_Driver/Src/stm32f4xx_hal_uart.o
LOAD Src/main.o
LOAD Src/stm32f4xx_hal_msp.o
LOAD Src/stm32f4xx_it.o
LOAD Src/system_stm32f4xx.o
LOAD startup/startup_stm32f446xx.o
LOAD /Applications/Ac6/SystemWorkbench.app/Contents/Eclipse/plugins/fr.ac6.mcu.externaltools.arm-none.macos64_1.15.0.201708311556/tools/compiler/bin/../lib/gcc/arm-none-eabi/6.3.1/../../../../arm-none-eabi/lib/thumb/v7e-m/fpv4-sp/hard/libm.a
START GROUP
LOAD /Applications/Ac6/SystemWorkbench.app/Contents/Eclipse/plugins/fr.ac6.mcu.externaltools.arm-none.macos64_1.15.0.201708311556/tools/compiler/bin/../lib/gcc/arm-none-eabi/6.3.1/thumb/v7e-m/fpv4-sp/hard/libgcc.a
LOAD /Applications/Ac6/SystemWorkbench.app/Contents/Eclipse/plugins/fr.ac6.mcu.externaltools.arm-none.macos64_1.15.0.201708311556/tools/compiler/bin/../lib/gcc/arm-none-eabi/6.3.1/../../../../arm-none-eabi/lib/thumb/v7e-m/fpv4-sp/hard/libc_nano.a
END GROUP
START GROUP
LOAD /Applications/Ac6/SystemWorkbench.app/Contents/Eclipse/plugins/fr.ac6.mcu.externaltools.arm-none.macos64_1.15.0.201708311556/tools/compiler/bin/../lib/gcc/arm-none-eabi/6.3.1/thumb/v7e-m/fpv4-sp/hard/libgcc.a
LOAD /Applications/Ac6/SystemWorkbench.app/Contents/Eclipse/plugins/fr.ac6.mcu.externaltools.arm-none.macos64_1.15.0.201708311556/tools/compiler/bin/../lib/gcc/arm-none-eabi/6.3.1/../../../../arm-none-eabi/lib/thumb/v7e-m/fpv4-sp/hard/libc_nano.a
LOAD /Applications/Ac6/SystemWorkbench.app/Contents/Eclipse/plugins/fr.ac6.mcu.externaltools.arm-none.macos64_1.15.0.201708311556/tools/compiler/bin/../lib/gcc/arm-none-eabi/6.3.1/../../../../arm-none-eabi/lib/thumb/v7e-m/fpv4-sp/hard/libnosys.a
END GROUP
START GROUP
LOAD /Applications/Ac6/SystemWorkbench.app/Contents/Eclipse/plugins/fr.ac6.mcu.externaltools.arm-none.macos64_1.15.0.201708311556/tools/compiler/bin/../lib/gcc/arm-none-eabi/6.3.1/thumb/v7e-m/fpv4-sp/hard/libgcc.a
LOAD /Applications/Ac6/SystemWorkbench.app/Contents/Eclipse/plugins/fr.ac6.mcu.externaltools.arm-none.macos64_1.15.0.201708311556/tools/compiler/bin/../lib/gcc/arm-none-eabi/6.3.1/../../../../arm-none-eabi/lib/thumb/v7e-m/fpv4-sp/hard/libc_nano.a
LOAD /Applications/Ac6/SystemWorkbench.app/Contents/Eclipse/plugins/fr.ac6.mcu.externaltools.arm-none.macos64_1.15.0.201708311556/tools/compiler/bin/../lib/gcc/arm-none-eabi/6.3.1/../../../../arm-none-eabi/lib/thumb/v7e-m/fpv4-sp/hard/libnosys.a
END GROUP
LOAD /Applications/Ac6/SystemWorkbench.app/Contents/Eclipse/plugins/fr.ac6.mcu.externaltools.arm-none.macos64_1.15.0.201708311556/tools/compiler/bin/../lib/gcc/arm-none-eabi/6.3.1/thumb/v7e-m/fpv4-sp/hard/crtend.o
LOAD /Applications/Ac6/SystemWorkbench.app/Contents/Eclipse/plugins/fr.ac6.mcu.externaltools.arm-none.macos64_1.15.0.201708311556/tools/compiler/bin/../lib/gcc/arm-none-eabi/6.3.1/thumb/v7e-m/fpv4-sp/hard/crtn.o
                0x0000000020020000                _estack = 0x20020000
                0x0000000000000200                _Min_Heap_Size = 0x200
                0x0000000000000400                _Min_Stack_Size = 0x400

.isr_vector     0x0000000008000000      0x1c4
                0x0000000008000000                . = ALIGN (0x4)
 *(.isr_vector)
 .isr_vector    0x0000000008000000      0x1c4 startup/startup_stm32f446xx.o
                0x0000000008000000                g_pfnVectors
                0x00000000080001c4                . = ALIGN (0x4)

.text           0x00000000080001c4     0x165c
                0x00000000080001c4                . = ALIGN (0x4)
 *(.text)
 .text          0x00000000080001c4       0x6c /Applications/Ac6/SystemWorkbench.app/Contents/Eclipse/plugins/fr.ac6.mcu.externaltools.arm-none.macos64_1.15.0.201708311556/tools/compiler/bin/../lib/gcc/arm-none-eabi/6.3.1/thumb/v7e-m/fpv4-sp/hard/crtbegin.o
 .text          0x0000000008000230       0x30 /Applications/Ac6/SystemWorkbench.app/Contents/Eclipse/plugins/fr.ac6.mcu.externaltools.arm-none.macos64_1.15.0.201708311556/tools/compiler/bin/../lib/gcc/arm-none-eabi/6.3.1/thumb/v7e-m/fpv4-sp/hard/libgcc.a(_aeabi_uldivmod.o)
                0x0000000008000230                __aeabi_uldivmod
 .text          0x0000000008000260      0x2dc /Applications/Ac6/SystemWorkbench.app/Contents/Eclipse/plugins/fr.ac6.mcu.externaltools.arm-none.macos64_1.15.0.201708311556/tools/compiler/bin/../lib/gcc/arm-none-eabi/6.3.1/thumb/v7e-m/fpv4-sp/hard/libgcc.a(_udivmoddi4.o)
                0x0000000008000260                __udivmoddi4
 .text          0x000000000800053c        0x4 /Applications/Ac6/SystemWorkbench.app/Contents/Eclipse/plugins/fr.ac6.mcu.externaltools.arm-none.macos64_1.15.0.201708311556/tools/compiler/bin/../lib/gcc/arm-none-eabi/6.3.1/thumb/v7e-m/fpv4-sp/hard/libgcc.a(_dvmd_tls.o)
                0x000000000800053c                __aeabi_ldiv0
                0x000000000800053c                __aeabi_idiv0
 *(.text*)
 .text.HAL_InitTick
                0x0000000008000540       0x2c Drivers/STM32F4xx_HAL_Driver/Src/stm32f4xx_hal.o
                0x0000000008000540                HAL_InitTick
 .text.HAL_Init
                0x000000000800056c       0x34 Drivers/STM32F4xx_HAL_Driver/Src/stm32f4xx_hal.o
                0x000000000800056c                HAL_Init
 .text.HAL_IncTick
                0x00000000080005a0       0x10 Drivers/STM32F4xx_HAL_Driver/Src/stm32f4xx_hal.o
                0x00000000080005a0                HAL_IncTick
 .text.HAL_GetTick
                0x00000000080005b0        0xc Drivers/STM32F4xx_HAL_Driver/Src/stm32f4xx_hal.o
                0x00000000080005b0                HAL_GetTick
 .text.HAL_Delay
                0x00000000080005bc       0x24 Drivers/STM32F4xx_HAL_Driver/Src/stm32f4xx_hal.o
                0x00000000080005bc                HAL_Delay
 .text.HAL_NVIC_SetPriorityGrouping
                0x00000000080005e0       0x24 Drivers/STM32F4xx_HAL_Driver/Src/stm32f4xx_hal_cortex.o
                0x00000000080005e0                HAL_NVIC_SetPriorityGrouping
 .text.HAL_NVIC_SetPriority
                0x0000000008000604       0x64 Drivers/STM32F4xx_HAL_Driver/Src/stm32f4xx_hal_cortex.o
                0x0000000008000604                HAL_NVIC_SetPriority
 .text.HAL_SYSTICK_Config
                0x0000000008000668       0x2c Drivers/STM32F4xx_HAL_Driver/Src/stm32f4xx_hal_cortex.o
                0x0000000008000668                HAL_SYSTICK_Config
 .text.HAL_SYSTICK_CLKSourceConfig
                0x0000000008000694       0x20 Drivers/STM32F4xx_HAL_Driver/Src/stm32f4xx_hal_cortex.o
                0x0000000008000694                HAL_SYSTICK_CLKSourceConfig
 .text.HAL_SYSTICK_Callback
                0x00000000080006b4        0x2 Drivers/STM32F4xx_HAL_Driver/Src/stm32f4xx_hal_cortex.o
                0x00000000080006b4                HAL_SYSTICK_Callback
 .text.HAL_SYSTICK_IRQHandler
                0x00000000080006b6        0x8 Drivers/STM32F4xx_HAL_Driver/Src/stm32f4xx_hal_cortex.o
                0x00000000080006b6                HAL_SYSTICK_IRQHandler
 *fill*         0x00000000080006be        0x2 
 .text.HAL_GPIO_Init
                0x00000000080006c0      0x1c4 Drivers/STM32F4xx_HAL_Driver/Src/stm32f4xx_hal_gpio.o
                0x00000000080006c0                HAL_GPIO_Init
 .text.HAL_GPIO_WritePin
                0x0000000008000884        0xc Drivers/STM32F4xx_HAL_Driver/Src/stm32f4xx_hal_gpio.o
                0x0000000008000884                HAL_GPIO_WritePin
 .text.HAL_GPIO_TogglePin
                0x0000000008000890        0x8 Drivers/STM32F4xx_HAL_Driver/Src/stm32f4xx_hal_gpio.o
                0x0000000008000890                HAL_GPIO_TogglePin
 .text.HAL_RCC_ClockConfig
                0x0000000008000898      0x158 Drivers/STM32F4xx_HAL_Driver/Src/stm32f4xx_hal_rcc.o
                0x0000000008000898                HAL_RCC_ClockConfig
 .text.HAL_RCC_GetHCLKFreq
                0x00000000080009f0        0xc Drivers/STM32F4xx_HAL_Driver/Src/stm32f4xx_hal_rcc.o
                0x00000000080009f0                HAL_RCC_GetHCLKFreq
 .text.HAL_RCC_GetPCLK1Freq
                0x00000000080009fc       0x20 Drivers/STM32F4xx_HAL_Driver/Src/stm32f4xx_hal_rcc.o
                0x00000000080009fc                HAL_RCC_GetPCLK1Freq
 .text.HAL_RCC_GetPCLK2Freq
                0x0000000008000a1c       0x20 Drivers/STM32F4xx_HAL_Driver/Src/stm32f4xx_hal_rcc.o
                0x0000000008000a1c                HAL_RCC_GetPCLK2Freq
 .text.HAL_RCC_GetSysClockFreq
                0x0000000008000a3c      0x180 Drivers/STM32F4xx_HAL_Driver/Src/stm32f4xx_hal_rcc_ex.o
                0x0000000008000a3c                HAL_RCC_GetSysClockFreq
 .text.HAL_RCC_OscConfig
                0x0000000008000bbc      0x3a4 Drivers/STM32F4xx_HAL_Driver/Src/stm32f4xx_hal_rcc_ex.o
                0x0000000008000bbc                HAL_RCC_OscConfig
 .text.UART_SetConfig
                0x0000000008000f60      0x344 Drivers/STM32F4xx_HAL_Driver/Src/stm32f4xx_hal_uart.o
 .text.UART_WaitOnFlagUntilTimeout
                0x00000000080012a4       0x64 Drivers/STM32F4xx_HAL_Driver/Src/stm32f4xx_hal_uart.o
 .text.HAL_UART_Init
                0x0000000008001308       0x5e Drivers/STM32F4xx_HAL_Driver/Src/stm32f4xx_hal_uart.o
                0x0000000008001308                HAL_UART_Init
 .text.HAL_UART_Transmit
                0x0000000008001366       0xe2 Drivers/STM32F4xx_HAL_Driver/Src/stm32f4xx_hal_uart.o
                0x0000000008001366                HAL_UART_Transmit
 .text.MX_GPIO_Init
                0x0000000008001448       0x70 Src/main.o
 .text.setUartData
                0x00000000080014b8        0xc Src/main.o
                0x00000000080014b8                setUartData
 .text.testDataTransfer
                0x00000000080014c4       0x20 Src/main.o
                0x00000000080014c4                testDataTransfer
 .text._Error_Handler
                0x00000000080014e4       0x18 Src/main.o
                0x00000000080014e4                _Error_Handler
 .text.MX_UART5_Init
                0x00000000080014fc       0x3c Src/main.o
 .text.SystemClock_Config
                0x0000000008001538       0xc4 Src/main.o
                0x0000000008001538                SystemClock_Config
 .text.main     0x00000000080015fc       0x44 Src/main.o
                0x00000000080015fc                main
 .text.HAL_MspInit
                0x0000000008001640       0x5e Src/stm32f4xx_hal_msp.o
                0x0000000008001640                HAL_MspInit
 *fill*         0x000000000800169e        0x2 
 .text.HAL_UART_MspInit
                0x00000000080016a0       0x70 Src/stm32f4xx_hal_msp.o
                0x00000000080016a0                HAL_UART_MspInit
 .text.SVC_Handler
                0x0000000008001710        0x2 Src/stm32f4xx_it.o
                0x0000000008001710                SVC_Handler
 .text.PendSV_Handler
                0x0000000008001712        0x2 Src/stm32f4xx_it.o
                0x0000000008001712                PendSV_Handler
 .text.SysTick_Handler
                0x0000000008001714        0xc Src/stm32f4xx_it.o
                0x0000000008001714                SysTick_Handler
 .text.SystemInit
                0x0000000008001720       0x4c Src/system_stm32f4xx.o
                0x0000000008001720                SystemInit
 .text.Reset_Handler
                0x000000000800176c       0x50 startup/startup_stm32f446xx.o
                0x000000000800176c                Reset_Handler
 .text.Default_Handler
                0x00000000080017bc        0x2 startup/startup_stm32f446xx.o
                0x00000000080017bc                FMPI2C1_Error_IRQHandler
                0x00000000080017bc                EXTI2_IRQHandler
                0x00000000080017bc                TIM8_CC_IRQHandler
                0x00000000080017bc                DebugMon_Handler
                0x00000000080017bc                SPI4_IRQHandler
                0x00000000080017bc                TIM1_CC_IRQHandler
                0x00000000080017bc                DMA2_Stream5_IRQHandler
                0x00000000080017bc                HardFault_Handler
                0x00000000080017bc                DMA1_Stream5_IRQHandler
                0x00000000080017bc                PVD_IRQHandler
                0x00000000080017bc                SDIO_IRQHandler
                0x00000000080017bc                TAMP_STAMP_IRQHandler
                0x00000000080017bc                NMI_Handler
                0x00000000080017bc                CAN2_RX1_IRQHandler
                0x00000000080017bc                EXTI3_IRQHandler
                0x00000000080017bc                TIM8_TRG_COM_TIM14_IRQHandler
                0x00000000080017bc                TIM1_UP_TIM10_IRQHandler
                0x00000000080017bc                TIM8_UP_TIM13_IRQHandler
                0x00000000080017bc                I2C3_ER_IRQHandler
                0x00000000080017bc                FMPI2C1_Event_IRQHandler
                0x00000000080017bc                EXTI0_IRQHandler
                0x00000000080017bc                I2C2_EV_IRQHandler
                0x00000000080017bc                DMA1_Stream2_IRQHandler
                0x00000000080017bc                CAN1_RX0_IRQHandler
                0x00000000080017bc                FPU_IRQHandler
                0x00000000080017bc                OTG_HS_WKUP_IRQHandler
                0x00000000080017bc                UsageFault_Handler
                0x00000000080017bc                CAN2_SCE_IRQHandler
                0x00000000080017bc                DMA2_Stream2_IRQHandler
                0x00000000080017bc                SPI1_IRQHandler
                0x00000000080017bc                TIM6_DAC_IRQHandler
                0x00000000080017bc                TIM1_BRK_TIM9_IRQHandler
                0x00000000080017bc                DCMI_IRQHandler
                0x00000000080017bc                CAN2_RX0_IRQHandler
                0x00000000080017bc                DMA2_Stream3_IRQHandler
                0x00000000080017bc                SAI2_IRQHandler
                0x00000000080017bc                USART6_IRQHandler
                0x00000000080017bc                USART3_IRQHandler
                0x00000000080017bc                CAN1_RX1_IRQHandler
                0x00000000080017bc                UART5_IRQHandler
                0x00000000080017bc                DMA2_Stream0_IRQHandler
                0x00000000080017bc                TIM4_IRQHandler
                0x00000000080017bc                QUADSPI_IRQHandler
                0x00000000080017bc                I2C1_EV_IRQHandler
                0x00000000080017bc                DMA1_Stream6_IRQHandler
                0x00000000080017bc                DMA1_Stream1_IRQHandler
                0x00000000080017bc                UART4_IRQHandler
                0x00000000080017bc                TIM3_IRQHandler
                0x00000000080017bc                RCC_IRQHandler
                0x00000000080017bc                TIM8_BRK_TIM12_IRQHandler
                0x00000000080017bc                Default_Handler
                0x00000000080017bc                CEC_IRQHandler
                0x00000000080017bc                EXTI15_10_IRQHandler
                0x00000000080017bc                ADC_IRQHandler
                0x00000000080017bc                DMA1_Stream7_IRQHandler
                0x00000000080017bc                TIM7_IRQHandler
                0x00000000080017bc                CAN2_TX_IRQHandler
                0x00000000080017bc                TIM5_IRQHandler
                0x00000000080017bc                DMA2_Stream7_IRQHandler
                0x00000000080017bc                I2C3_EV_IRQHandler
                0x00000000080017bc                EXTI9_5_IRQHandler
                0x00000000080017bc                RTC_WKUP_IRQHandler
                0x00000000080017bc                SPDIF_RX_IRQHandler
                0x00000000080017bc                SPI2_IRQHandler
                0x00000000080017bc                OTG_HS_EP1_IN_IRQHandler
                0x00000000080017bc                MemManage_Handler
                0x00000000080017bc                DMA1_Stream0_IRQHandler
                0x00000000080017bc                CAN1_TX_IRQHandler
                0x00000000080017bc                EXTI4_IRQHandler
                0x00000000080017bc                OTG_HS_EP1_OUT_IRQHandler
                0x00000000080017bc                WWDG_IRQHandler
                0x00000000080017bc                TIM2_IRQHandler
                0x00000000080017bc                OTG_FS_WKUP_IRQHandler
                0x00000000080017bc                TIM1_TRG_COM_TIM11_IRQHandler
                0x00000000080017bc                OTG_HS_IRQHandler
                0x00000000080017bc                EXTI1_IRQHandler
                0x00000000080017bc                USART2_IRQHandler
                0x00000000080017bc                I2C2_ER_IRQHandler
                0x00000000080017bc                DMA2_Stream1_IRQHandler
                0x00000000080017bc                CAN1_SCE_IRQHandler
                0x00000000080017bc                FLASH_IRQHandler
                0x00000000080017bc                DMA2_Stream4_IRQHandler
                0x00000000080017bc                BusFault_Handler
                0x00000000080017bc                USART1_IRQHandler
                0x00000000080017bc                OTG_FS_IRQHandler
                0x00000000080017bc                SPI3_IRQHandler
                0x00000000080017bc                DMA1_Stream4_IRQHandler
                0x00000000080017bc                I2C1_ER_IRQHandler
                0x00000000080017bc                FMC_IRQHandler
                0x00000000080017bc                DMA2_Stream6_IRQHandler
                0x00000000080017bc                SAI1_IRQHandler
                0x00000000080017bc                DMA1_Stream3_IRQHandler
                0x00000000080017bc                RTC_Alarm_IRQHandler
 *fill*         0x00000000080017be        0x2 
 .text.__libc_init_array
                0x00000000080017c0       0x48 /Applications/Ac6/SystemWorkbench.app/Contents/Eclipse/plugins/fr.ac6.mcu.externaltools.arm-none.macos64_1.15.0.201708311556/tools/compiler/bin/../lib/gcc/arm-none-eabi/6.3.1/../../../../arm-none-eabi/lib/thumb/v7e-m/fpv4-sp/hard/libc_nano.a(lib_a-init.o)
                0x00000000080017c0                __libc_init_array
 *(.glue_7)
 .glue_7        0x0000000008001808        0x0 linker stubs
 *(.glue_7t)
 .glue_7t       0x0000000008001808        0x0 linker stubs
 *(.eh_frame)
 .eh_frame      0x0000000008001808        0x0 /Applications/Ac6/SystemWorkbench.app/Contents/Eclipse/plugins/fr.ac6.mcu.externaltools.arm-none.macos64_1.15.0.201708311556/tools/compiler/bin/../lib/gcc/arm-none-eabi/6.3.1/thumb/v7e-m/fpv4-sp/hard/crtbegin.o
 *(.init)
 .init          0x0000000008001808        0x4 /Applications/Ac6/SystemWorkbench.app/Contents/Eclipse/plugins/fr.ac6.mcu.externaltools.arm-none.macos64_1.15.0.201708311556/tools/compiler/bin/../lib/gcc/arm-none-eabi/6.3.1/thumb/v7e-m/fpv4-sp/hard/crti.o
                0x0000000008001808                _init
 .init          0x000000000800180c        0x8 /Applications/Ac6/SystemWorkbench.app/Contents/Eclipse/plugins/fr.ac6.mcu.externaltools.arm-none.macos64_1.15.0.201708311556/tools/compiler/bin/../lib/gcc/arm-none-eabi/6.3.1/thumb/v7e-m/fpv4-sp/hard/crtn.o
 *(.fini)
 .fini          0x0000000008001814        0x4 /Applications/Ac6/SystemWorkbench.app/Contents/Eclipse/plugins/fr.ac6.mcu.externaltools.arm-none.macos64_1.15.0.201708311556/tools/compiler/bin/../lib/gcc/arm-none-eabi/6.3.1/thumb/v7e-m/fpv4-sp/hard/crti.o
                0x0000000008001814                _fini
 .fini          0x0000000008001818        0x8 /Applications/Ac6/SystemWorkbench.app/Contents/Eclipse/plugins/fr.ac6.mcu.externaltools.arm-none.macos64_1.15.0.201708311556/tools/compiler/bin/../lib/gcc/arm-none-eabi/6.3.1/thumb/v7e-m/fpv4-sp/hard/crtn.o
                0x0000000008001820                . = ALIGN (0x4)
                0x0000000008001820                _etext = .

.vfp11_veneer   0x0000000008001820        0x0
 .vfp11_veneer  0x0000000008001820        0x0 linker stubs

.v4_bx          0x0000000008001820        0x0
 .v4_bx         0x0000000008001820        0x0 linker stubs

.iplt           0x0000000008001820        0x0
 .iplt          0x0000000008001820        0x0 /Applications/Ac6/SystemWorkbench.app/Contents/Eclipse/plugins/fr.ac6.mcu.externaltools.arm-none.macos64_1.15.0.201708311556/tools/compiler/bin/../lib/gcc/arm-none-eabi/6.3.1/thumb/v7e-m/fpv4-sp/hard/crtbegin.o

.rodata         0x0000000008001820       0x3c
                0x0000000008001820                . = ALIGN (0x4)
 *(.rodata)
 .rodata        0x0000000008001820       0x18 Src/system_stm32f4xx.o
                0x0000000008001820                AHBPrescTable
                0x0000000008001830                APBPrescTable
 *(.rodata*)
 .rodata.str1.4
                0x0000000008001838       0x24 Src/main.o
                                         0x22 (size before relaxing)
                0x000000000800185c                . = ALIGN (0x4)

.ARM.extab
 *(.ARM.extab* .gnu.linkonce.armextab.*)

.ARM            0x000000000800185c        0x8
                0x000000000800185c                __exidx_start = .
 *(.ARM.exidx*)
 .ARM.exidx     0x000000000800185c        0x8 /Applications/Ac6/SystemWorkbench.app/Contents/Eclipse/plugins/fr.ac6.mcu.externaltools.arm-none.macos64_1.15.0.201708311556/tools/compiler/bin/../lib/gcc/arm-none-eabi/6.3.1/thumb/v7e-m/fpv4-sp/hard/libgcc.a(_udivmoddi4.o)
                0x0000000008001864                __exidx_end = .

.rel.dyn        0x0000000008001864        0x0
 .rel.iplt      0x0000000008001864        0x0 /Applications/Ac6/SystemWorkbench.app/Contents/Eclipse/plugins/fr.ac6.mcu.externaltools.arm-none.macos64_1.15.0.201708311556/tools/compiler/bin/../lib/gcc/arm-none-eabi/6.3.1/thumb/v7e-m/fpv4-sp/hard/crtbegin.o

.preinit_array  0x0000000008001864        0x0
                0x0000000008001864                PROVIDE (__preinit_array_start, .)
 *(.preinit_array*)
                0x0000000008001864                PROVIDE (__preinit_array_end, .)

.init_array     0x0000000008001864        0x4
                0x0000000008001864                PROVIDE (__init_array_start, .)
 *(SORT(.init_array.*))
 *(.init_array*)
 .init_array    0x0000000008001864        0x4 /Applications/Ac6/SystemWorkbench.app/Contents/Eclipse/plugins/fr.ac6.mcu.externaltools.arm-none.macos64_1.15.0.201708311556/tools/compiler/bin/../lib/gcc/arm-none-eabi/6.3.1/thumb/v7e-m/fpv4-sp/hard/crtbegin.o
                0x0000000008001868                PROVIDE (__init_array_end, .)

.fini_array     0x0000000008001868        0x4
                [!provide]                        PROVIDE (__fini_array_start, .)
 *(SORT(.fini_array.*))
 *(.fini_array*)
 .fini_array    0x0000000008001868        0x4 /Applications/Ac6/SystemWorkbench.app/Contents/Eclipse/plugins/fr.ac6.mcu.externaltools.arm-none.macos64_1.15.0.201708311556/tools/compiler/bin/../lib/gcc/arm-none-eabi/6.3.1/thumb/v7e-m/fpv4-sp/hard/crtbegin.o
                [!provide]                        PROVIDE (__fini_array_end, .)
                0x000000000800186c                _sidata = LOADADDR (.data)

.data           0x0000000020000000        0x4 load address 0x000000000800186c
                0x0000000020000000                . = ALIGN (0x4)
                0x0000000020000000                _sdata = .
 *(.data)
 .data          0x0000000020000000        0x4 Src/system_stm32f4xx.o
                0x0000000020000000                SystemCoreClock
 *(.data*)
                0x0000000020000004                . = ALIGN (0x4)
                0x0000000020000004                _edata = .

.jcr            0x0000000020000004        0x0 load address 0x0000000008001870
 .jcr           0x0000000020000004        0x0 /Applications/Ac6/SystemWorkbench.app/Contents/Eclipse/plugins/fr.ac6.mcu.externaltools.arm-none.macos64_1.15.0.201708311556/tools/compiler/bin/../lib/gcc/arm-none-eabi/6.3.1/thumb/v7e-m/fpv4-sp/hard/crtbegin.o

.igot.plt       0x0000000020000004        0x0 load address 0x0000000008001870
 .igot.plt      0x0000000020000004        0x0 /Applications/Ac6/SystemWorkbench.app/Contents/Eclipse/plugins/fr.ac6.mcu.externaltools.arm-none.macos64_1.15.0.201708311556/tools/compiler/bin/../lib/gcc/arm-none-eabi/6.3.1/thumb/v7e-m/fpv4-sp/hard/crtbegin.o
                0x0000000020000004                . = ALIGN (0x4)

.bss            0x0000000020000004       0x64 load address 0x0000000008001870
                0x0000000020000004                _sbss = .
                0x0000000020000004                __bss_start__ = _sbss
 *(.bss)
 .bss           0x0000000020000004       0x1c /Applications/Ac6/SystemWorkbench.app/Contents/Eclipse/plugins/fr.ac6.mcu.externaltools.arm-none.macos64_1.15.0.201708311556/tools/compiler/bin/../lib/gcc/arm-none-eabi/6.3.1/thumb/v7e-m/fpv4-sp/hard/crtbegin.o
 *(.bss*)
 *(COMMON)
 COMMON         0x0000000020000020        0x4 Drivers/STM32F4xx_HAL_Driver/Src/stm32f4xx_hal.o
                0x0000000020000020                uwTick
 COMMON         0x0000000020000024       0x44 Src/main.o
                0x0000000020000024                uartData
                0x0000000020000028                huart5
                0x0000000020000068                . = ALIGN (0x4)
                0x0000000020000068                _ebss = .
                0x0000000020000068                __bss_end__ = _ebss

._user_heap_stack
                0x0000000020000068      0x600 load address 0x0000000008001870
                0x0000000020000068                . = ALIGN (0x8)
                [!provide]                        PROVIDE (end, .)
                [!provide]                        PROVIDE (_end, .)
                0x0000000020000268                . = (. + _Min_Heap_Size)
 *fill*         0x0000000020000068      0x200 
                0x0000000020000668                . = (. + _Min_Stack_Size)
 *fill*         0x0000000020000268      0x400 
                0x0000000020000668                . = ALIGN (0x8)

/DISCARD/
 libc.a(*)
 libm.a(*)
 libgcc.a(*)

.ARM.attributes
                0x0000000000000000       0x30
 *(.ARM.attributes)
 .ARM.attributes
                0x0000000000000000       0x22 /Applications/Ac6/SystemWorkbench.app/Contents/Eclipse/plugins/fr.ac6.mcu.externaltools.arm-none.macos64_1.15.0.201708311556/tools/compiler/bin/../lib/gcc/arm-none-eabi/6.3.1/thumb/v7e-m/fpv4-sp/hard/crti.o
 .ARM.attributes
                0x0000000000000022       0x34 /Applications/Ac6/SystemWorkbench.app/Contents/Eclipse/plugins/fr.ac6.mcu.externaltools.arm-none.macos64_1.15.0.201708311556/tools/compiler/bin/../lib/gcc/arm-none-eabi/6.3.1/thumb/v7e-m/fpv4-sp/hard/crtbegin.o
 .ARM.attributes
                0x0000000000000056       0x39 Drivers/STM32F4xx_HAL_Driver/Src/stm32f4xx_hal.o
 .ARM.attributes
                0x000000000000008f       0x39 Drivers/STM32F4xx_HAL_Driver/Src/stm32f4xx_hal_cortex.o
 .ARM.attributes
                0x00000000000000c8       0x39 Drivers/STM32F4xx_HAL_Driver/Src/stm32f4xx_hal_gpio.o
 .ARM.attributes
                0x0000000000000101       0x39 Drivers/STM32F4xx_HAL_Driver/Src/stm32f4xx_hal_rcc.o
 .ARM.attributes
                0x000000000000013a       0x39 Drivers/STM32F4xx_HAL_Driver/Src/stm32f4xx_hal_rcc_ex.o
 .ARM.attributes
                0x0000000000000173       0x39 Drivers/STM32F4xx_HAL_Driver/Src/stm32f4xx_hal_uart.o
 .ARM.attributes
                0x00000000000001ac       0x39 Src/main.o
 .ARM.attributes
                0x00000000000001e5       0x39 Src/stm32f4xx_hal_msp.o
 .ARM.attributes
                0x000000000000021e       0x39 Src/stm32f4xx_it.o
 .ARM.attributes
                0x0000000000000257       0x39 Src/system_stm32f4xx.o
 .ARM.attributes
                0x0000000000000290       0x21 startup/startup_stm32f446xx.o
 .ARM.attributes
                0x00000000000002b1       0x22 /Applications/Ac6/SystemWorkbench.app/Contents/Eclipse/plugins/fr.ac6.mcu.externaltools.arm-none.macos64_1.15.0.201708311556/tools/compiler/bin/../lib/gcc/arm-none-eabi/6.3.1/thumb/v7e-m/fpv4-sp/hard/libgcc.a(_aeabi_uldivmod.o)
 .ARM.attributes
                0x00000000000002d3       0x34 /Applications/Ac6/SystemWorkbench.app/Contents/Eclipse/plugins/fr.ac6.mcu.externaltools.arm-none.macos64_1.15.0.201708311556/tools/compiler/bin/../lib/gcc/arm-none-eabi/6.3.1/thumb/v7e-m/fpv4-sp/hard/libgcc.a(_udivmoddi4.o)
 .ARM.attributes
                0x0000000000000307       0x22 /Applications/Ac6/SystemWorkbench.app/Contents/Eclipse/plugins/fr.ac6.mcu.externaltools.arm-none.macos64_1.15.0.201708311556/tools/compiler/bin/../lib/gcc/arm-none-eabi/6.3.1/thumb/v7e-m/fpv4-sp/hard/libgcc.a(_dvmd_tls.o)
 .ARM.attributes
                0x0000000000000329       0x34 /Applications/Ac6/SystemWorkbench.app/Contents/Eclipse/plugins/fr.ac6.mcu.externaltools.arm-none.macos64_1.15.0.201708311556/tools/compiler/bin/../lib/gcc/arm-none-eabi/6.3.1/../../../../arm-none-eabi/lib/thumb/v7e-m/fpv4-sp/hard/libc_nano.a(lib_a-init.o)
 .ARM.attributes
                0x000000000000035d       0x22 /Applications/Ac6/SystemWorkbench.app/Contents/Eclipse/plugins/fr.ac6.mcu.externaltools.arm-none.macos64_1.15.0.201708311556/tools/compiler/bin/../lib/gcc/arm-none-eabi/6.3.1/thumb/v7e-m/fpv4-sp/hard/crtn.o
OUTPUT(uart_exti.elf elf32-littlearm)

.debug_info     0x0000000000000000     0xc1ae
 .debug_info    0x0000000000000000     0x116a Drivers/STM32F4xx_HAL_Driver/Src/stm32f4xx_hal.o
 .debug_info    0x000000000000116a     0x1778 Drivers/STM32F4xx_HAL_Driver/Src/stm32f4xx_hal_cortex.o
 .debug_info    0x00000000000028e2      0xfe5 Drivers/STM32F4xx_HAL_Driver/Src/stm32f4xx_hal_gpio.o
 .debug_info    0x00000000000038c7     0x127a Drivers/STM32F4xx_HAL_Driver/Src/stm32f4xx_hal_rcc.o
 .debug_info    0x0000000000004b41     0x12ab Drivers/STM32F4xx_HAL_Driver/Src/stm32f4xx_hal_rcc_ex.o
 .debug_info    0x0000000000005dec     0x1f1d Drivers/STM32F4xx_HAL_Driver/Src/stm32f4xx_hal_uart.o
 .debug_info    0x0000000000007d09     0x185c Src/main.o
 .debug_info    0x0000000000009565     0x14b9 Src/stm32f4xx_hal_msp.o
 .debug_info    0x000000000000aa1e      0x9a4 Src/stm32f4xx_it.o
 .debug_info    0x000000000000b3c2      0xd64 Src/system_stm32f4xx.o
 .debug_info    0x000000000000c126       0x88 startup/startup_stm32f446xx.o

.debug_abbrev   0x0000000000000000     0x1bdd
 .debug_abbrev  0x0000000000000000      0x2f2 Drivers/STM32F4xx_HAL_Driver/Src/stm32f4xx_hal.o
 .debug_abbrev  0x00000000000002f2      0x3d4 Drivers/STM32F4xx_HAL_Driver/Src/stm32f4xx_hal_cortex.o
 .debug_abbrev  0x00000000000006c6      0x2a5 Drivers/STM32F4xx_HAL_Driver/Src/stm32f4xx_hal_gpio.o
 .debug_abbrev  0x000000000000096b      0x328 Drivers/STM32F4xx_HAL_Driver/Src/stm32f4xx_hal_rcc.o
 .debug_abbrev  0x0000000000000c93      0x2de Drivers/STM32F4xx_HAL_Driver/Src/stm32f4xx_hal_rcc_ex.o
 .debug_abbrev  0x0000000000000f71      0x342 Drivers/STM32F4xx_HAL_Driver/Src/stm32f4xx_hal_uart.o
 .debug_abbrev  0x00000000000012b3      0x2c9 Src/main.o
 .debug_abbrev  0x000000000000157c      0x252 Src/stm32f4xx_hal_msp.o
 .debug_abbrev  0x00000000000017ce      0x1f8 Src/stm32f4xx_it.o
 .debug_abbrev  0x00000000000019c6      0x205 Src/system_stm32f4xx.o
 .debug_abbrev  0x0000000000001bcb       0x12 startup/startup_stm32f446xx.o

.debug_loc      0x0000000000000000     0x2f41
 .debug_loc     0x0000000000000000       0x69 Drivers/STM32F4xx_HAL_Driver/Src/stm32f4xx_hal.o
 .debug_loc     0x0000000000000069      0x5ce Drivers/STM32F4xx_HAL_Driver/Src/stm32f4xx_hal_cortex.o
 .debug_loc     0x0000000000000637      0x414 Drivers/STM32F4xx_HAL_Driver/Src/stm32f4xx_hal_gpio.o
 .debug_loc     0x0000000000000a4b      0x378 Drivers/STM32F4xx_HAL_Driver/Src/stm32f4xx_hal_rcc.o
 .debug_loc     0x0000000000000dc3      0xa71 Drivers/STM32F4xx_HAL_Driver/Src/stm32f4xx_hal_rcc_ex.o
 .debug_loc     0x0000000000001834     0x1532 Drivers/STM32F4xx_HAL_Driver/Src/stm32f4xx_hal_uart.o
 .debug_loc     0x0000000000002d66       0x42 Src/main.o
 .debug_loc     0x0000000000002da8       0x5b Src/stm32f4xx_hal_msp.o
 .debug_loc     0x0000000000002e03      0x13e Src/system_stm32f4xx.o

.debug_aranges  0x0000000000000000      0x578
 .debug_aranges
                0x0000000000000000       0xc8 Drivers/STM32F4xx_HAL_Driver/Src/stm32f4xx_hal.o
 .debug_aranges
                0x00000000000000c8       0xa8 Drivers/STM32F4xx_HAL_Driver/Src/stm32f4xx_hal_cortex.o
 .debug_aranges
                0x0000000000000170       0x58 Drivers/STM32F4xx_HAL_Driver/Src/stm32f4xx_hal_gpio.o
 .debug_aranges
                0x00000000000001c8       0x88 Drivers/STM32F4xx_HAL_Driver/Src/stm32f4xx_hal_rcc.o
 .debug_aranges
                0x0000000000000250       0x58 Drivers/STM32F4xx_HAL_Driver/Src/stm32f4xx_hal_rcc_ex.o
 .debug_aranges
                0x00000000000002a8      0x1d0 Drivers/STM32F4xx_HAL_Driver/Src/stm32f4xx_hal_uart.o
 .debug_aranges
                0x0000000000000478       0x50 Src/main.o
 .debug_aranges
                0x00000000000004c8       0x30 Src/stm32f4xx_hal_msp.o
 .debug_aranges
                0x00000000000004f8       0x30 Src/stm32f4xx_it.o
 .debug_aranges
                0x0000000000000528       0x28 Src/system_stm32f4xx.o
 .debug_aranges
                0x0000000000000550       0x28 startup/startup_stm32f446xx.o

.debug_ranges   0x0000000000000000      0x530
 .debug_ranges  0x0000000000000000       0xb8 Drivers/STM32F4xx_HAL_Driver/Src/stm32f4xx_hal.o
 .debug_ranges  0x00000000000000b8       0xf8 Drivers/STM32F4xx_HAL_Driver/Src/stm32f4xx_hal_cortex.o
 .debug_ranges  0x00000000000001b0       0x48 Drivers/STM32F4xx_HAL_Driver/Src/stm32f4xx_hal_gpio.o
 .debug_ranges  0x00000000000001f8       0x78 Drivers/STM32F4xx_HAL_Driver/Src/stm32f4xx_hal_rcc.o
 .debug_ranges  0x0000000000000270       0x48 Drivers/STM32F4xx_HAL_Driver/Src/stm32f4xx_hal_rcc_ex.o
 .debug_ranges  0x00000000000002b8      0x1c0 Drivers/STM32F4xx_HAL_Driver/Src/stm32f4xx_hal_uart.o
 .debug_ranges  0x0000000000000478       0x40 Src/main.o
 .debug_ranges  0x00000000000004b8       0x20 Src/stm32f4xx_hal_msp.o
 .debug_ranges  0x00000000000004d8       0x20 Src/stm32f4xx_it.o
 .debug_ranges  0x00000000000004f8       0x18 Src/system_stm32f4xx.o
 .debug_ranges  0x0000000000000510       0x20 startup/startup_stm32f446xx.o

.debug_macro    0x0000000000000000    0x20d1c
 .debug_macro   0x0000000000000000      0x360 Drivers/STM32F4xx_HAL_Driver/Src/stm32f4xx_hal.o
 .debug_macro   0x0000000000000360      0x8bc Drivers/STM32F4xx_HAL_Driver/Src/stm32f4xx_hal.o
 .debug_macro   0x0000000000000c1c       0x22 Drivers/STM32F4xx_HAL_Driver/Src/stm32f4xx_hal.o
 .debug_macro   0x0000000000000c3e      0x17a Drivers/STM32F4xx_HAL_Driver/Src/stm32f4xx_hal.o
 .debug_macro   0x0000000000000db8       0x32 Drivers/STM32F4xx_HAL_Driver/Src/stm32f4xx_hal.o
 .debug_macro   0x0000000000000dea       0x28 Drivers/STM32F4xx_HAL_Driver/Src/stm32f4xx_hal.o
 .debug_macro   0x0000000000000e12       0x22 Drivers/STM32F4xx_HAL_Driver/Src/stm32f4xx_hal.o
 .debug_macro   0x0000000000000e34       0x87 Drivers/STM32F4xx_HAL_Driver/Src/stm32f4xx_hal.o
 .debug_macro   0x0000000000000ebb       0x51 Drivers/STM32F4xx_HAL_Driver/Src/stm32f4xx_hal.o
 .debug_macro   0x0000000000000f0c       0xef Drivers/STM32F4xx_HAL_Driver/Src/stm32f4xx_hal.o
 .debug_macro   0x0000000000000ffb       0x6a Drivers/STM32F4xx_HAL_Driver/Src/stm32f4xx_hal.o
 .debug_macro   0x0000000000001065      0x1df Drivers/STM32F4xx_HAL_Driver/Src/stm32f4xx_hal.o
 .debug_macro   0x0000000000001244       0x35 Drivers/STM32F4xx_HAL_Driver/Src/stm32f4xx_hal.o
 .debug_macro   0x0000000000001279       0x50 Drivers/STM32F4xx_HAL_Driver/Src/stm32f4xx_hal.o
 .debug_macro   0x00000000000012c9      0xe66 Drivers/STM32F4xx_HAL_Driver/Src/stm32f4xx_hal.o
 .debug_macro   0x000000000000212f    0x16607 Drivers/STM32F4xx_HAL_Driver/Src/stm32f4xx_hal.o
 .debug_macro   0x0000000000018736       0x43 Drivers/STM32F4xx_HAL_Driver/Src/stm32f4xx_hal.o
 .debug_macro   0x0000000000018779     0x3535 Drivers/STM32F4xx_HAL_Driver/Src/stm32f4xx_hal.o
 .debug_macro   0x000000000001bcae       0x58 Drivers/STM32F4xx_HAL_Driver/Src/stm32f4xx_hal.o
 .debug_macro   0x000000000001bd06       0x35 Drivers/STM32F4xx_HAL_Driver/Src/stm32f4xx_hal.o
 .debug_macro   0x000000000001bd3b       0x9c Drivers/STM32F4xx_HAL_Driver/Src/stm32f4xx_hal.o
 .debug_macro   0x000000000001bdd7       0x16 Drivers/STM32F4xx_HAL_Driver/Src/stm32f4xx_hal.o
 .debug_macro   0x000000000001bded       0x97 Drivers/STM32F4xx_HAL_Driver/Src/stm32f4xx_hal.o
 .debug_macro   0x000000000001be84      0x330 Drivers/STM32F4xx_HAL_Driver/Src/stm32f4xx_hal.o
 .debug_macro   0x000000000001c1b4       0xfd Drivers/STM32F4xx_HAL_Driver/Src/stm32f4xx_hal.o
 .debug_macro   0x000000000001c2b1       0x10 Drivers/STM32F4xx_HAL_Driver/Src/stm32f4xx_hal.o
 .debug_macro   0x000000000001c2c1       0x58 Drivers/STM32F4xx_HAL_Driver/Src/stm32f4xx_hal.o
 .debug_macro   0x000000000001c319       0x1f Drivers/STM32F4xx_HAL_Driver/Src/stm32f4xx_hal.o
 .debug_macro   0x000000000001c338       0x43 Drivers/STM32F4xx_HAL_Driver/Src/stm32f4xx_hal.o
 .debug_macro   0x000000000001c37b       0x20 Drivers/STM32F4xx_HAL_Driver/Src/stm32f4xx_hal.o
 .debug_macro   0x000000000001c39b      0x187 Drivers/STM32F4xx_HAL_Driver/Src/stm32f4xx_hal.o
 .debug_macro   0x000000000001c522       0x10 Drivers/STM32F4xx_HAL_Driver/Src/stm32f4xx_hal.o
 .debug_macro   0x000000000001c532       0x1c Drivers/STM32F4xx_HAL_Driver/Src/stm32f4xx_hal.o
 .debug_macro   0x000000000001c54e       0x52 Drivers/STM32F4xx_HAL_Driver/Src/stm32f4xx_hal.o
 .debug_macro   0x000000000001c5a0       0x40 Drivers/STM32F4xx_HAL_Driver/Src/stm32f4xx_hal.o
 .debug_macro   0x000000000001c5e0       0x10 Drivers/STM32F4xx_HAL_Driver/Src/stm32f4xx_hal.o
 .debug_macro   0x000000000001c5f0       0x40 Drivers/STM32F4xx_HAL_Driver/Src/stm32f4xx_hal.o
 .debug_macro   0x000000000001c630       0xd7 Drivers/STM32F4xx_HAL_Driver/Src/stm32f4xx_hal.o
 .debug_macro   0x000000000001c707       0x16 Drivers/STM32F4xx_HAL_Driver/Src/stm32f4xx_hal.o
 .debug_macro   0x000000000001c71d      0x18b Drivers/STM32F4xx_HAL_Driver/Src/stm32f4xx_hal.o
 .debug_macro   0x000000000001c8a8       0x50 Drivers/STM32F4xx_HAL_Driver/Src/stm32f4xx_hal.o
 .debug_macro   0x000000000001c8f8      0xc90 Drivers/STM32F4xx_HAL_Driver/Src/stm32f4xx_hal.o
 .debug_macro   0x000000000001d588      0x9e6 Drivers/STM32F4xx_HAL_Driver/Src/stm32f4xx_hal.o
 .debug_macro   0x000000000001df6e      0x11e Drivers/STM32F4xx_HAL_Driver/Src/stm32f4xx_hal.o
 .debug_macro   0x000000000001e08c      0x1a0 Drivers/STM32F4xx_HAL_Driver/Src/stm32f4xx_hal.o
 .debug_macro   0x000000000001e22c       0x27 Drivers/STM32F4xx_HAL_Driver/Src/stm32f4xx_hal.o
 .debug_macro   0x000000000001e253      0x287 Drivers/STM32F4xx_HAL_Driver/Src/stm32f4xx_hal.o
 .debug_macro   0x000000000001e4da       0x5f Drivers/STM32F4xx_HAL_Driver/Src/stm32f4xx_hal.o
 .debug_macro   0x000000000001e539      0x23a Drivers/STM32F4xx_HAL_Driver/Src/stm32f4xx_hal.o
 .debug_macro   0x000000000001e773      0x13a Drivers/STM32F4xx_HAL_Driver/Src/stm32f4xx_hal.o
 .debug_macro   0x000000000001e8ad      0x29c Drivers/STM32F4xx_HAL_Driver/Src/stm32f4xx_hal.o
 .debug_macro   0x000000000001eb49       0x2e Drivers/STM32F4xx_HAL_Driver/Src/stm32f4xx_hal.o
 .debug_macro   0x000000000001eb77      0x11e Drivers/STM32F4xx_HAL_Driver/Src/stm32f4xx_hal.o
 .debug_macro   0x000000000001ec95       0xe8 Drivers/STM32F4xx_HAL_Driver/Src/stm32f4xx_hal.o
 .debug_macro   0x000000000001ed7d       0x89 Drivers/STM32F4xx_HAL_Driver/Src/stm32f4xx_hal.o
 .debug_macro   0x000000000001ee06      0x287 Drivers/STM32F4xx_HAL_Driver/Src/stm32f4xx_hal.o
 .debug_macro   0x000000000001f08d      0x11e Drivers/STM32F4xx_HAL_Driver/Src/stm32f4xx_hal.o
 .debug_macro   0x000000000001f1ab      0x300 Drivers/STM32F4xx_HAL_Driver/Src/stm32f4xx_hal_cortex.o
 .debug_macro   0x000000000001f4ab      0x338 Drivers/STM32F4xx_HAL_Driver/Src/stm32f4xx_hal_gpio.o
 .debug_macro   0x000000000001f7e3      0x324 Drivers/STM32F4xx_HAL_Driver/Src/stm32f4xx_hal_rcc.o
 .debug_macro   0x000000000001fb07      0x300 Drivers/STM32F4xx_HAL_Driver/Src/stm32f4xx_hal_rcc_ex.o
 .debug_macro   0x000000000001fe07      0x301 Drivers/STM32F4xx_HAL_Driver/Src/stm32f4xx_hal_uart.o
 .debug_macro   0x0000000000020108      0x304 Src/main.o
 .debug_macro   0x000000000002040c      0x300 Src/stm32f4xx_hal_msp.o
 .debug_macro   0x000000000002070c      0x30a Src/stm32f4xx_it.o
 .debug_macro   0x0000000000020a16      0x306 Src/system_stm32f4xx.o

.debug_line     0x0000000000000000     0x6a29
 .debug_line    0x0000000000000000      0xa05 Drivers/STM32F4xx_HAL_Driver/Src/stm32f4xx_hal.o
 .debug_line    0x0000000000000a05      0xa84 Drivers/STM32F4xx_HAL_Driver/Src/stm32f4xx_hal_cortex.o
 .debug_line    0x0000000000001489      0x9ee Drivers/STM32F4xx_HAL_Driver/Src/stm32f4xx_hal_gpio.o
 .debug_line    0x0000000000001e77      0xacb Drivers/STM32F4xx_HAL_Driver/Src/stm32f4xx_hal_rcc.o
 .debug_line    0x0000000000002942      0xc21 Drivers/STM32F4xx_HAL_Driver/Src/stm32f4xx_hal_rcc_ex.o
 .debug_line    0x0000000000003563     0x1172 Drivers/STM32F4xx_HAL_Driver/Src/stm32f4xx_hal_uart.o
 .debug_line    0x00000000000046d5      0x906 Src/main.o
 .debug_line    0x0000000000004fdb      0x8a2 Src/stm32f4xx_hal_msp.o
 .debug_line    0x000000000000587d      0x895 Src/stm32f4xx_it.o
 .debug_line    0x0000000000006112      0x898 Src/system_stm32f4xx.o
 .debug_line    0x00000000000069aa       0x7f startup/startup_stm32f446xx.o

.debug_str      0x0000000000000000    0xc19f8
 .debug_str     0x0000000000000000    0xc02fd Drivers/STM32F4xx_HAL_Driver/Src/stm32f4xx_hal.o
                                      0xc06e9 (size before relaxing)
 .debug_str     0x00000000000c02fd      0x3ae Drivers/STM32F4xx_HAL_Driver/Src/stm32f4xx_hal_cortex.o
                                      0xc04bc (size before relaxing)
 .debug_str     0x00000000000c06ab      0x292 Drivers/STM32F4xx_HAL_Driver/Src/stm32f4xx_hal_gpio.o
                                      0xbfe33 (size before relaxing)
 .debug_str     0x00000000000c093d      0x370 Drivers/STM32F4xx_HAL_Driver/Src/stm32f4xx_hal_rcc.o
                                      0xbffe9 (size before relaxing)
 .debug_str     0x00000000000c0cad      0x2be Drivers/STM32F4xx_HAL_Driver/Src/stm32f4xx_hal_rcc_ex.o
                                      0xbffc4 (size before relaxing)
 .debug_str     0x00000000000c0f6b      0x93e Drivers/STM32F4xx_HAL_Driver/Src/stm32f4xx_hal_uart.o
                                      0xc0453 (size before relaxing)
 .debug_str     0x00000000000c18a9       0x87 Src/main.o
                                      0xc07a4 (size before relaxing)
 .debug_str     0x00000000000c1930       0x1b Src/stm32f4xx_hal_msp.o
                                      0xc056a (size before relaxing)
 .debug_str     0x00000000000c194b       0x53 Src/stm32f4xx_it.o
                                      0xbfa85 (size before relaxing)
 .debug_str     0x00000000000c199e       0x5a Src/system_stm32f4xx.o
                                      0xbfbef (size before relaxing)

.comment        0x0000000000000000       0x7f
 .comment       0x0000000000000000       0x7f Drivers/STM32F4xx_HAL_Driver/Src/stm32f4xx_hal.o
                                         0x80 (size before relaxing)
 .comment       0x000000000000007f       0x80 Drivers/STM32F4xx_HAL_Driver/Src/stm32f4xx_hal_cortex.o
 .comment       0x000000000000007f       0x80 Drivers/STM32F4xx_HAL_Driver/Src/stm32f4xx_hal_gpio.o
 .comment       0x000000000000007f       0x80 Drivers/STM32F4xx_HAL_Driver/Src/stm32f4xx_hal_rcc.o
 .comment       0x000000000000007f       0x80 Drivers/STM32F4xx_HAL_Driver/Src/stm32f4xx_hal_rcc_ex.o
 .comment       0x000000000000007f       0x80 Drivers/STM32F4xx_HAL_Driver/Src/stm32f4xx_hal_uart.o
 .comment       0x000000000000007f       0x80 Src/main.o
 .comment       0x000000000000007f       0x80 Src/stm32f4xx_hal_msp.o
 .comment       0x000000000000007f       0x80 Src/stm32f4xx_it.o
 .comment       0x000000000000007f       0x80 Src/system_stm32f4xx.o

.debug_frame    0x0000000000000000      0xd24
 .debug_frame   0x0000000000000000      0x198 Drivers/STM32F4xx_HAL_Driver/Src/stm32f4xx_hal.o
 .debug_frame   0x0000000000000198      0x15c Drivers/STM32F4xx_HAL_Driver/Src/stm32f4xx_hal_cortex.o
 .debug_frame   0x00000000000002f4       0xd0 Drivers/STM32F4xx_HAL_Driver/Src/stm32f4xx_hal_gpio.o
 .debug_frame   0x00000000000003c4      0x170 Drivers/STM32F4xx_HAL_Driver/Src/stm32f4xx_hal_rcc.o
 .debug_frame   0x0000000000000534       0xd8 Drivers/STM32F4xx_HAL_Driver/Src/stm32f4xx_hal_rcc_ex.o
 .debug_frame   0x000000000000060c      0x4e8 Drivers/STM32F4xx_HAL_Driver/Src/stm32f4xx_hal_uart.o
 .debug_frame   0x0000000000000af4       0xc8 Src/main.o
 .debug_frame   0x0000000000000bbc       0x64 Src/stm32f4xx_hal_msp.o
 .debug_frame   0x0000000000000c20       0x48 Src/stm32f4xx_it.o
 .debug_frame   0x0000000000000c68       0x30 Src/system_stm32f4xx.o
 .debug_frame   0x0000000000000c98       0x2c /Applications/Ac6/SystemWorkbench.app/Contents/Eclipse/plugins/fr.ac6.mcu.externaltools.arm-none.macos64_1.15.0.201708311556/tools/compiler/bin/../lib/gcc/arm-none-eabi/6.3.1/thumb/v7e-m/fpv4-sp/hard/libgcc.a(_aeabi_uldivmod.o)
 .debug_frame   0x0000000000000cc4       0x34 /Applications/Ac6/SystemWorkbench.app/Contents/Eclipse/plugins/fr.ac6.mcu.externaltools.arm-none.macos64_1.15.0.201708311556/tools/compiler/bin/../lib/gcc/arm-none-eabi/6.3.1/thumb/v7e-m/fpv4-sp/hard/libgcc.a(_udivmoddi4.o)
 .debug_frame   0x0000000000000cf8       0x2c /Applications/Ac6/SystemWorkbench.app/Contents/Eclipse/plugins/fr.ac6.mcu.externaltools.arm-none.macos64_1.15.0.201708311556/tools/compiler/bin/../lib/gcc/arm-none-eabi/6.3.1/../../../../arm-none-eabi/lib/thumb/v7e-m/fpv4-sp/hard/libc_nano.a(lib_a-init.o)
